<!DOCTYPE html PUBLIC "-//W3C//DTD HTML 4.0 Transitional//EN" "http://www.w3.org/TR/REC-html40/loose.dtd">
<html xmlns="http://www.w3.org/1999/xhtml">
  <body>
    <iframe height="600" src="https://codepen.io/twhite96/embed/XKqrJX?height=600&amp;default-tab=result&amp;embed-version=2" scrolling="no" frameborder="no" allowtransparency="true" style="width: 100%;">
</iframe>
  </body>
</html>
