<!DOCTYPE html PUBLIC "-//W3C//DTD HTML 4.0 Transitional//EN" "http://www.w3.org/TR/REC-html40/loose.dtd">
<html xmlns="http://www.w3.org/1999/xhtml">
  <body>
    <iframe src="https://dotnetfiddle.net/Widget/v2kx9jcd" width="100%" height="600" frameborder="0">
</iframe>
  </body>
</html>
