<!DOCTYPE html PUBLIC "-//W3C//DTD HTML 4.0 Transitional//EN" "http://www.w3.org/TR/REC-html40/loose.dtd">
<html xmlns="http://www.w3.org/1999/xhtml">
  <body><p>@jessleenyc commented on <a href="https://github.com/thepracticaldev/dev.to_core/issues/638">Tue Jul 31 2018</a></p>
<h1>
<a id="user-content-task-or-feature" class="anchor" href="#task-or-feature" aria-hidden="true"><span aria-hidden="true" class="octicon octicon-link"></span></a><em>TASK or Feature</em>
</h1>
<h3>
<a id="user-content-request-or-user-story" class="anchor" href="#request-or-user-story" aria-hidden="true"><span aria-hidden="true" class="octicon octicon-link"></span></a>Request or User Story</h3>
<p>Getting lots of crawlers clicking on the hidden link that's giving them 404 errors and jamming up airbrake!</p>
<h3>
<a id="user-content-definition-of-done" class="anchor" href="#definition-of-done" aria-hidden="true"><span aria-hidden="true" class="octicon octicon-link"></span></a>Definition of Done</h3>
<h3>
<a id="user-content-notes" class="anchor" href="#notes" aria-hidden="true"><span aria-hidden="true" class="octicon octicon-link"></span></a>Notes</h3>
<hr /><p>@arun1595 commented on <a href="https://github.com/thepracticaldev/dev.to_core/issues/638#issuecomment-409774531">Wed Aug 01 2018</a></p>
<p>@jessleenyc I would like to tackle this issue. Can you guide me with what "moderate" links are?</p>
<p>Thanks.</p>
<hr /><p>@Zhao-Andy commented on <a href="https://github.com/thepracticaldev/dev.to_core/issues/638#issuecomment-416373282">Mon Aug 27 2018</a></p>
<p>Hey @arun1595, we're going to move this to the public repo and continue the conversation there.</p></body>
</html>
