<!DOCTYPE html PUBLIC "-//W3C//DTD HTML 4.0 Transitional//EN" "http://www.w3.org/TR/REC-html40/loose.dtd">
<html xmlns="http://www.w3.org/1999/xhtml">
  <body>
    <iframe height="400" src="https://jsitor.com/embed/B7FQ5tHbY" scrolling="no" frameborder="no" loading="lazy" allowtransparency="true" style="width: 100%;">
</iframe>
  </body>
</html>
