<!DOCTYPE html PUBLIC "-//W3C//DTD HTML 4.0 Transitional//EN" "http://www.w3.org/TR/REC-html40/loose.dtd">
<html xmlns="http://www.w3.org/1999/xhtml">
  <body>
    <iframe src="https://next.tech/projects/6ba1fffbd09e/embed" style="width:100%; height:calc(350px + 8vw); border:0; border-radius: 4px; overflow:hidden;">
</iframe>
  </body>
</html>
