<!DOCTYPE html PUBLIC "-//W3C//DTD HTML 4.0 Transitional//EN" "http://www.w3.org/TR/REC-html40/loose.dtd">
<html xmlns="http://www.w3.org/1999/xhtml">
  <body>
    <iframe width="710" height="399" src="https://www.youtube.com/embed/dQw4w9WgXcQ" allowfullscreen="">
</iframe>
  </body>
</html>
