<!DOCTYPE html PUBLIC "-//W3C//DTD HTML 4.0 Transitional//EN" "http://www.w3.org/TR/REC-html40/loose.dtd">
<html xmlns="http://www.w3.org/1999/xhtml">
  <body>
    <iframe width="710" height="120" src="https://api.parler.io/ss/player?url=https://www.parler.io/audio/73240183203/d53cff009eac2ab1bc9dd8821a638823c39cbcea.7dd28611-b7fc-4cf8-9977-b6e3aaf644a1.mp3" loading="lazy">
</iframe>
  </body>
</html>
