// Jest Snapshot v1, https://goo.gl/fbAQLP

exports[`<OnboardingUsers /> when given users to follow renders correctly 1`] = `
<div
  class="onboarding-user-container"
>
  <div
    class="onboarding-user-cta"
  >
    Here are some suggestions based on your interests
  </div>
  <div
    class="onboarding-user-list"
  >
    <div
      class="onboarding-user-list-header"
    >
      <div
        class="onboarding-user-list-key"
      >
        Follow All
      </div>
      <div
        class="onboarding-user-list-checkbox"
      >
        <button
          class="checked"
          id="onboarding-user-follow-all-btn"
          onClick={[Function]}
        >
          âœ“
        </button>
      </div>
    </div>
    <div
      class="onboarding-user-list-body"
    >
      <div
        class="onboarding-user-list-row"
      >
        <div
          class="onboarding-user-list-key"
        >
          <img
            alt="Ben Halpern"
            src="ben.jpg"
          />
          <div>
            Ben Halpern
          </div>
          <div
            class="onboarding-user-list-row__summary"
          >
            <em />
          </div>
        </div>
        <div
          class="onboarding-user-list-checkbox"
        >
          <button
            onClick={[Function]}
          >
            +
          </button>
        </div>
      </div>
      <div
        class="onboarding-user-list-row"
      >
        <div
          class="onboarding-user-list-key"
        >
          <img
            alt="Krusty the Clown"
            src="clown.jpg"
          />
          <div>
            Krusty the Clown
          </div>
          <div
            class="onboarding-user-list-row__summary"
          >
            <em />
          </div>
        </div>
        <div
          class="onboarding-user-list-checkbox"
        >
          <button
            onClick={[Function]}
          >
            +
          </button>
        </div>
      </div>
      <div
        class="onboarding-user-list-row"
      >
        <div
          class="onboarding-user-list-key"
        >
          <img
            alt="dev.to staff"
            src="dev.jpg"
          />
          <div>
            dev.to staff
          </div>
          <div
            class="onboarding-user-list-row__summary"
          >
            <em />
          </div>
        </div>
        <div
          class="onboarding-user-list-checkbox"
        >
          <button
            onClick={[Function]}
          >
            +
          </button>
        </div>
      </div>
    </div>
  </div>
</div>
`;
