// Jest Snapshot v1, https://goo.gl/fbAQLP

exports[`<History /> renders properly 1`] = `
<div
  class="home item-list"
>
  <div
    class="side-bar"
  >
    <div
      class="widget filters"
    >
      <input
        placeHolder="search your history"
      />
      <div
        class="tags"
      >
        <a
          class="tag "
          data-no-instant={true}
          href="/t/discuss"
          onClick={[Function]}
        >
          #discuss
        </a>
      </div>
    </div>
  </div>
  <div
    class="items-container"
  >
    <div
      class="results "
    >
      <div
        class="results-header"
      >
        History (empty)
      </div>
      <div>
        <div
          class="items-empty"
        >
          <h1>
            Your History is Lonely
          </h1>
        </div>
      </div>
    </div>
  </div>
</div>
`;
