// Jest Snapshot v1, https://goo.gl/fbAQLP

exports[`<PendingMembershipSections /> should render and test snapshot 1`] = `
<div
  class="p-4 grid gap-2 crayons-card mb-4 pending_memberships"
>
  <h3
    class="mb-2"
  >
    Pending Invitations
  </h3>
</div>
`;
