// Jest Snapshot v1, https://goo.gl/fbAQLP

exports[`<RequestedMembershipSection /> should render and test snapshot 1`] = `
<div
  class="p-4 grid gap-2 crayons-card mb-4"
>
  <h3
    class="mb-2 requested_memberships"
  >
    Joining Request
  </h3>
</div>
`;
