// Jest Snapshot v1, https://goo.gl/fbAQLP

exports[`<SettingsForm /> should render and test snapshot 1`] = `
<div
  class="crayons-card p-4 grid gap-2 mb-4 settings-section"
>
  <h3>
    Channel Settings
  </h3>
  <div
    class="crayons-field"
  >
    <label
      class="crayons-field__label"
      htmlFor="chat_channel_description"
    >
      Description
    </label>
    <textarea
      class="crayons-textfield"
      id="chat_channel_description"
      name="description"
    />
  </div>
  <div
    class="crayons-field crayons-field--checkbox"
  >
    <input
      class="crayons-checkbox"
      id="c2"
      type="checkbox"
    />
    <label
      class="crayons-field__label"
      htmlFor="c2"
    >
      Channel Discoverable
    </label>
  </div>
  <div>
    <button
      class="crayons-btn"
      type="submit"
    >
      Submit
    </button>
  </div>
</div>
`;
