// Jest Snapshot v1, https://goo.gl/fbAQLP

exports[`<NextPageButton /> Should match the snapshot 1`] = `
preact-render-spy (1 nodes)
-------
<div class="classifieds-load-more-button">
  <button
    onClick={[Function onClick]}
    type="button"
  >
    Load More Listings
  </button>
</div>

`;
